[1.856s] Invoking command in '/home/yunbo/rdk_backup/dev_ws/src/originbot/Line_follow': PYTHONPATH=/home/yunbo/rdk_backup/dev_ws/src/originbot/Line_follow/build/line_follow/prefix_override:/usr/lib/python3/dist-packages/colcon_core/task/python/colcon_distutils_commands:/home/yunbo/rdk_backup/dev_ws/src/originbot/Line_follow/install/line_follow/lib/python3.10/site-packages:${PYTHONPATH} /usr/bin/python3 -W ignore:setup.py install is deprecated -W ignore:easy_install command is deprecated setup.py egg_info --egg-base build/line_follow build --build-base /home/yunbo/rdk_backup/dev_ws/src/originbot/Line_follow/build/line_follow/build install --record /home/yunbo/rdk_backup/dev_ws/src/originbot/Line_follow/build/line_follow/install.log --single-version-externally-managed install_data
[2.656s] running egg_info
[2.656s] writing build/line_follow/line_follow.egg-info/PKG-INFO
[2.656s] writing dependency_links to build/line_follow/line_follow.egg-info/dependency_links.txt
[2.657s] writing entry points to build/line_follow/line_follow.egg-info/entry_points.txt
[2.657s] writing requirements to build/line_follow/line_follow.egg-info/requires.txt
[2.657s] writing top-level names to build/line_follow/line_follow.egg-info/top_level.txt
[2.662s] reading manifest file 'build/line_follow/line_follow.egg-info/SOURCES.txt'
[2.665s] writing manifest file 'build/line_follow/line_follow.egg-info/SOURCES.txt'
[2.665s] running build
[2.666s] running build_py
[2.667s] copying src/joystick_drive_node.py -> /home/yunbo/rdk_backup/dev_ws/src/originbot/Line_follow/build/line_follow/build/lib/line_follow
[2.672s] copying src/motor_driver_control.py -> /home/yunbo/rdk_backup/dev_ws/src/originbot/Line_follow/build/line_follow/build/lib/line_follow
[2.673s] copying src/web_debug_dashboard_node.py -> /home/yunbo/rdk_backup/dev_ws/src/originbot/Line_follow/build/line_follow/build/lib/line_follow
[2.676s] copying src/remote_relay_drive_node.py -> /home/yunbo/rdk_backup/dev_ws/src/originbot/Line_follow/build/line_follow/build/lib/line_follow
[2.677s] copying src/motor_model_node.py -> /home/yunbo/rdk_backup/dev_ws/src/originbot/Line_follow/build/line_follow/build/lib/line_follow
[2.678s] copying src/remote_long_press_start_line_follow_node.py -> /home/yunbo/rdk_backup/dev_ws/src/originbot/Line_follow/build/line_follow/build/lib/line_follow
[2.679s] running install
[2.680s] running install_lib
[2.684s] copying /home/yunbo/rdk_backup/dev_ws/src/originbot/Line_follow/build/line_follow/build/lib/line_follow/joystick_drive_node.py -> /home/yunbo/rdk_backup/dev_ws/src/originbot/Line_follow/install/line_follow/lib/python3.10/site-packages/line_follow
[2.688s] copying /home/yunbo/rdk_backup/dev_ws/src/originbot/Line_follow/build/line_follow/build/lib/line_follow/motor_driver_control.py -> /home/yunbo/rdk_backup/dev_ws/src/originbot/Line_follow/install/line_follow/lib/python3.10/site-packages/line_follow
[2.688s] copying /home/yunbo/rdk_backup/dev_ws/src/originbot/Line_follow/build/line_follow/build/lib/line_follow/web_debug_dashboard_node.py -> /home/yunbo/rdk_backup/dev_ws/src/originbot/Line_follow/install/line_follow/lib/python3.10/site-packages/line_follow
[2.689s] copying /home/yunbo/rdk_backup/dev_ws/src/originbot/Line_follow/build/line_follow/build/lib/line_follow/remote_relay_drive_node.py -> /home/yunbo/rdk_backup/dev_ws/src/originbot/Line_follow/install/line_follow/lib/python3.10/site-packages/line_follow
[2.689s] copying /home/yunbo/rdk_backup/dev_ws/src/originbot/Line_follow/build/line_follow/build/lib/line_follow/motor_model_node.py -> /home/yunbo/rdk_backup/dev_ws/src/originbot/Line_follow/install/line_follow/lib/python3.10/site-packages/line_follow
[2.692s] copying /home/yunbo/rdk_backup/dev_ws/src/originbot/Line_follow/build/line_follow/build/lib/line_follow/remote_long_press_start_line_follow_node.py -> /home/yunbo/rdk_backup/dev_ws/src/originbot/Line_follow/install/line_follow/lib/python3.10/site-packages/line_follow
[2.693s] byte-compiling /home/yunbo/rdk_backup/dev_ws/src/originbot/Line_follow/install/line_follow/lib/python3.10/site-packages/line_follow/joystick_drive_node.py to joystick_drive_node.cpython-310.pyc
[2.700s] byte-compiling /home/yunbo/rdk_backup/dev_ws/src/originbot/Line_follow/install/line_follow/lib/python3.10/site-packages/line_follow/motor_driver_control.py to motor_driver_control.cpython-310.pyc
[2.713s] byte-compiling /home/yunbo/rdk_backup/dev_ws/src/originbot/Line_follow/install/line_follow/lib/python3.10/site-packages/line_follow/web_debug_dashboard_node.py to web_debug_dashboard_node.cpython-310.pyc
[2.718s] byte-compiling /home/yunbo/rdk_backup/dev_ws/src/originbot/Line_follow/install/line_follow/lib/python3.10/site-packages/line_follow/remote_relay_drive_node.py to remote_relay_drive_node.cpython-310.pyc
[2.727s] byte-compiling /home/yunbo/rdk_backup/dev_ws/src/originbot/Line_follow/install/line_follow/lib/python3.10/site-packages/line_follow/motor_model_node.py to motor_model_node.cpython-310.pyc
[2.732s] byte-compiling /home/yunbo/rdk_backup/dev_ws/src/originbot/Line_follow/install/line_follow/lib/python3.10/site-packages/line_follow/remote_long_press_start_line_follow_node.py to remote_long_press_start_line_follow_node.cpython-310.pyc
[2.742s] running install_data
[2.742s] copying Markdown/开发板同步时间与编译指南.md -> /home/yunbo/rdk_backup/dev_ws/src/originbot/Line_follow/install/line_follow/share/line_follow/docs
[2.743s] copying Markdown/摇杆遥控器联合控制调试指南.md -> /home/yunbo/rdk_backup/dev_ws/src/originbot/Line_follow/install/line_follow/share/line_follow/docs
[2.743s] copying launch/usb_cam_web.launch.py -> /home/yunbo/rdk_backup/dev_ws/src/originbot/Line_follow/install/line_follow/share/line_follow/launch
[2.743s] copying launch/joystick_remote_hybrid.launch.py -> /home/yunbo/rdk_backup/dev_ws/src/originbot/Line_follow/install/line_follow/share/line_follow/launch
[2.743s] running install_egg_info
[2.752s] removing '/home/yunbo/rdk_backup/dev_ws/src/originbot/Line_follow/install/line_follow/lib/python3.10/site-packages/line_follow-0.1.0-py3.10.egg-info' (and everything under it)
[2.753s] Copying build/line_follow/line_follow.egg-info to /home/yunbo/rdk_backup/dev_ws/src/originbot/Line_follow/install/line_follow/lib/python3.10/site-packages/line_follow-0.1.0-py3.10.egg-info
[2.759s] running install_scripts
[2.817s] Installing joystick_drive_node script to /home/yunbo/rdk_backup/dev_ws/src/originbot/Line_follow/install/line_follow/lib/line_follow
[2.817s] Installing line_follow_angle_node script to /home/yunbo/rdk_backup/dev_ws/src/originbot/Line_follow/install/line_follow/lib/line_follow
[2.819s] Installing line_follow_motor_model_node script to /home/yunbo/rdk_backup/dev_ws/src/originbot/Line_follow/install/line_follow/lib/line_follow
[2.821s] Installing motor_driver_control_node script to /home/yunbo/rdk_backup/dev_ws/src/originbot/Line_follow/install/line_follow/lib/line_follow
[2.822s] Installing remote_long_press_start_line_follow_node script to /home/yunbo/rdk_backup/dev_ws/src/originbot/Line_follow/install/line_follow/lib/line_follow
[2.825s] Installing remote_relay_drive_node script to /home/yunbo/rdk_backup/dev_ws/src/originbot/Line_follow/install/line_follow/lib/line_follow
[2.825s] Installing web_debug_dashboard_node script to /home/yunbo/rdk_backup/dev_ws/src/originbot/Line_follow/install/line_follow/lib/line_follow
[2.827s] writing list of installed files to '/home/yunbo/rdk_backup/dev_ws/src/originbot/Line_follow/build/line_follow/install.log'
[2.896s] Invoked command in '/home/yunbo/rdk_backup/dev_ws/src/originbot/Line_follow' returned '0': PYTHONPATH=/home/yunbo/rdk_backup/dev_ws/src/originbot/Line_follow/build/line_follow/prefix_override:/usr/lib/python3/dist-packages/colcon_core/task/python/colcon_distutils_commands:/home/yunbo/rdk_backup/dev_ws/src/originbot/Line_follow/install/line_follow/lib/python3.10/site-packages:${PYTHONPATH} /usr/bin/python3 -W ignore:setup.py install is deprecated -W ignore:easy_install command is deprecated setup.py egg_info --egg-base build/line_follow build --build-base /home/yunbo/rdk_backup/dev_ws/src/originbot/Line_follow/build/line_follow/build install --record /home/yunbo/rdk_backup/dev_ws/src/originbot/Line_follow/build/line_follow/install.log --single-version-externally-managed install_data
