[1.728s] Invoking command in '/home/yunbo/rdk_backup/dev_ws/src/originbot/Line_follow': PYTHONPATH=/home/yunbo/rdk_backup/dev_ws/src/originbot/Line_follow/build/line_follow/prefix_override:/usr/lib/python3/dist-packages/colcon_core/task/python/colcon_distutils_commands:/home/yunbo/rdk_backup/dev_ws/src/originbot/Line_follow/install/line_follow/lib/python3.10/site-packages:${PYTHONPATH} /usr/bin/python3 -W ignore:setup.py install is deprecated -W ignore:easy_install command is deprecated setup.py egg_info --egg-base build/line_follow build --build-base /home/yunbo/rdk_backup/dev_ws/src/originbot/Line_follow/build/line_follow/build install --record /home/yunbo/rdk_backup/dev_ws/src/originbot/Line_follow/build/line_follow/install.log --single-version-externally-managed install_data
[2.298s] running egg_info
[2.299s] writing build/line_follow/line_follow.egg-info/PKG-INFO
[2.302s] writing dependency_links to build/line_follow/line_follow.egg-info/dependency_links.txt
[2.304s] writing entry points to build/line_follow/line_follow.egg-info/entry_points.txt
[2.305s] writing requirements to build/line_follow/line_follow.egg-info/requires.txt
[2.305s] writing top-level names to build/line_follow/line_follow.egg-info/top_level.txt
[2.309s] reading manifest file 'build/line_follow/line_follow.egg-info/SOURCES.txt'
[2.311s] writing manifest file 'build/line_follow/line_follow.egg-info/SOURCES.txt'
[2.313s] running build
[2.314s] running build_py
[2.314s] copying src/joystick_drive_node.py -> /home/yunbo/rdk_backup/dev_ws/src/originbot/Line_follow/build/line_follow/build/lib/line_follow
[2.317s] copying src/gpio_input_filter.py -> /home/yunbo/rdk_backup/dev_ws/src/originbot/Line_follow/build/line_follow/build/lib/line_follow
[2.317s] copying src/angle_node.py -> /home/yunbo/rdk_backup/dev_ws/src/originbot/Line_follow/build/line_follow/build/lib/line_follow
[2.317s] copying src/motor_driver_control.py -> /home/yunbo/rdk_backup/dev_ws/src/originbot/Line_follow/build/line_follow/build/lib/line_follow
[2.317s] copying src/gpio_compat.py -> /home/yunbo/rdk_backup/dev_ws/src/originbot/Line_follow/build/line_follow/build/lib/line_follow
[2.318s] copying src/runtime_capture.py -> /home/yunbo/rdk_backup/dev_ws/src/originbot/Line_follow/build/line_follow/build/lib/line_follow
[2.318s] copying src/web_debug_dashboard_node.py -> /home/yunbo/rdk_backup/dev_ws/src/originbot/Line_follow/build/line_follow/build/lib/line_follow
[2.319s] copying src/remote_relay_drive_node.py -> /home/yunbo/rdk_backup/dev_ws/src/originbot/Line_follow/build/line_follow/build/lib/line_follow
[2.321s] copying src/motor_model_node.py -> /home/yunbo/rdk_backup/dev_ws/src/originbot/Line_follow/build/line_follow/build/lib/line_follow
[2.321s] copying src/__init__.py -> /home/yunbo/rdk_backup/dev_ws/src/originbot/Line_follow/build/line_follow/build/lib/line_follow
[2.322s] copying src/remote_long_press_start_line_follow_node.py -> /home/yunbo/rdk_backup/dev_ws/src/originbot/Line_follow/build/line_follow/build/lib/line_follow
[2.322s] running install
[2.323s] running install_lib
[2.323s] copying /home/yunbo/rdk_backup/dev_ws/src/originbot/Line_follow/build/line_follow/build/lib/line_follow/joystick_drive_node.py -> /home/yunbo/rdk_backup/dev_ws/src/originbot/Line_follow/install/line_follow/lib/python3.10/site-packages/line_follow
[2.323s] copying /home/yunbo/rdk_backup/dev_ws/src/originbot/Line_follow/build/line_follow/build/lib/line_follow/gpio_input_filter.py -> /home/yunbo/rdk_backup/dev_ws/src/originbot/Line_follow/install/line_follow/lib/python3.10/site-packages/line_follow
[2.323s] copying /home/yunbo/rdk_backup/dev_ws/src/originbot/Line_follow/build/line_follow/build/lib/line_follow/angle_node.py -> /home/yunbo/rdk_backup/dev_ws/src/originbot/Line_follow/install/line_follow/lib/python3.10/site-packages/line_follow
[2.323s] copying /home/yunbo/rdk_backup/dev_ws/src/originbot/Line_follow/build/line_follow/build/lib/line_follow/motor_driver_control.py -> /home/yunbo/rdk_backup/dev_ws/src/originbot/Line_follow/install/line_follow/lib/python3.10/site-packages/line_follow
[2.323s] copying /home/yunbo/rdk_backup/dev_ws/src/originbot/Line_follow/build/line_follow/build/lib/line_follow/gpio_compat.py -> /home/yunbo/rdk_backup/dev_ws/src/originbot/Line_follow/install/line_follow/lib/python3.10/site-packages/line_follow
[2.323s] copying /home/yunbo/rdk_backup/dev_ws/src/originbot/Line_follow/build/line_follow/build/lib/line_follow/runtime_capture.py -> /home/yunbo/rdk_backup/dev_ws/src/originbot/Line_follow/install/line_follow/lib/python3.10/site-packages/line_follow
[2.327s] copying /home/yunbo/rdk_backup/dev_ws/src/originbot/Line_follow/build/line_follow/build/lib/line_follow/web_debug_dashboard_node.py -> /home/yunbo/rdk_backup/dev_ws/src/originbot/Line_follow/install/line_follow/lib/python3.10/site-packages/line_follow
[2.327s] copying /home/yunbo/rdk_backup/dev_ws/src/originbot/Line_follow/build/line_follow/build/lib/line_follow/remote_relay_drive_node.py -> /home/yunbo/rdk_backup/dev_ws/src/originbot/Line_follow/install/line_follow/lib/python3.10/site-packages/line_follow
[2.327s] copying /home/yunbo/rdk_backup/dev_ws/src/originbot/Line_follow/build/line_follow/build/lib/line_follow/motor_model_node.py -> /home/yunbo/rdk_backup/dev_ws/src/originbot/Line_follow/install/line_follow/lib/python3.10/site-packages/line_follow
[2.327s] copying /home/yunbo/rdk_backup/dev_ws/src/originbot/Line_follow/build/line_follow/build/lib/line_follow/__init__.py -> /home/yunbo/rdk_backup/dev_ws/src/originbot/Line_follow/install/line_follow/lib/python3.10/site-packages/line_follow
[2.327s] copying /home/yunbo/rdk_backup/dev_ws/src/originbot/Line_follow/build/line_follow/build/lib/line_follow/remote_long_press_start_line_follow_node.py -> /home/yunbo/rdk_backup/dev_ws/src/originbot/Line_follow/install/line_follow/lib/python3.10/site-packages/line_follow
[2.327s] byte-compiling /home/yunbo/rdk_backup/dev_ws/src/originbot/Line_follow/install/line_follow/lib/python3.10/site-packages/line_follow/joystick_drive_node.py to joystick_drive_node.cpython-310.pyc
[2.331s] byte-compiling /home/yunbo/rdk_backup/dev_ws/src/originbot/Line_follow/install/line_follow/lib/python3.10/site-packages/line_follow/gpio_input_filter.py to gpio_input_filter.cpython-310.pyc
[2.332s] byte-compiling /home/yunbo/rdk_backup/dev_ws/src/originbot/Line_follow/install/line_follow/lib/python3.10/site-packages/line_follow/angle_node.py to angle_node.cpython-310.pyc
[2.341s] byte-compiling /home/yunbo/rdk_backup/dev_ws/src/originbot/Line_follow/install/line_follow/lib/python3.10/site-packages/line_follow/motor_driver_control.py to motor_driver_control.cpython-310.pyc
[2.350s] byte-compiling /home/yunbo/rdk_backup/dev_ws/src/originbot/Line_follow/install/line_follow/lib/python3.10/site-packages/line_follow/gpio_compat.py to gpio_compat.cpython-310.pyc
[2.350s] byte-compiling /home/yunbo/rdk_backup/dev_ws/src/originbot/Line_follow/install/line_follow/lib/python3.10/site-packages/line_follow/runtime_capture.py to runtime_capture.cpython-310.pyc
[2.352s] byte-compiling /home/yunbo/rdk_backup/dev_ws/src/originbot/Line_follow/install/line_follow/lib/python3.10/site-packages/line_follow/web_debug_dashboard_node.py to web_debug_dashboard_node.cpython-310.pyc
[2.356s] byte-compiling /home/yunbo/rdk_backup/dev_ws/src/originbot/Line_follow/install/line_follow/lib/python3.10/site-packages/line_follow/remote_relay_drive_node.py to remote_relay_drive_node.cpython-310.pyc
[2.359s] byte-compiling /home/yunbo/rdk_backup/dev_ws/src/originbot/Line_follow/install/line_follow/lib/python3.10/site-packages/line_follow/motor_model_node.py to motor_model_node.cpython-310.pyc
[2.365s] byte-compiling /home/yunbo/rdk_backup/dev_ws/src/originbot/Line_follow/install/line_follow/lib/python3.10/site-packages/line_follow/__init__.py to __init__.cpython-310.pyc
[2.365s] byte-compiling /home/yunbo/rdk_backup/dev_ws/src/originbot/Line_follow/install/line_follow/lib/python3.10/site-packages/line_follow/remote_long_press_start_line_follow_node.py to remote_long_press_start_line_follow_node.cpython-310.pyc
[2.374s] running install_data
[2.375s] copying Markdown/USB相机标定指南.md -> /home/yunbo/rdk_backup/dev_ws/src/originbot/Line_follow/install/line_follow/share/line_follow/docs
[2.376s] copying Markdown/仅用USB相机的巡线优化路线图.md -> /home/yunbo/rdk_backup/dev_ws/src/originbot/Line_follow/install/line_follow/share/line_follow/docs
[2.377s] copying Markdown/代码同步与编译指南.md -> /home/yunbo/rdk_backup/dev_ws/src/originbot/Line_follow/install/line_follow/share/line_follow/docs
[2.378s] copying Markdown/摇杆遥控器联合控制调试指南.md -> /home/yunbo/rdk_backup/dev_ws/src/originbot/Line_follow/install/line_follow/share/line_follow/docs
[2.379s] copying Markdown/程序状态监控常用命令.md -> /home/yunbo/rdk_backup/dev_ws/src/originbot/Line_follow/install/line_follow/share/line_follow/docs
[2.380s] copying launch/usb_cam_web.launch.py -> /home/yunbo/rdk_backup/dev_ws/src/originbot/Line_follow/install/line_follow/share/line_follow/launch
[2.380s] copying launch/line_follow_system.launch.py -> /home/yunbo/rdk_backup/dev_ws/src/originbot/Line_follow/install/line_follow/share/line_follow/launch
[2.381s] copying launch/joystick_remote_hybrid.launch.py -> /home/yunbo/rdk_backup/dev_ws/src/originbot/Line_follow/install/line_follow/share/line_follow/launch
[2.382s] copying launch/line_follow_core.launch.py -> /home/yunbo/rdk_backup/dev_ws/src/originbot/Line_follow/install/line_follow/share/line_follow/launch
[2.383s] copying config/line_follow_params.yaml -> /home/yunbo/rdk_backup/dev_ws/src/originbot/Line_follow/install/line_follow/share/line_follow/config
[2.383s] copying config/runtime_params.yaml -> /home/yunbo/rdk_backup/dev_ws/src/originbot/Line_follow/install/line_follow/share/line_follow/config
[2.383s] copying board_tools/halve_camera_exposure.sh -> /home/yunbo/rdk_backup/dev_ws/src/originbot/Line_follow/install/line_follow/share/line_follow/board_tools
[2.384s] copying board_tools/save_runtime_params.sh -> /home/yunbo/rdk_backup/dev_ws/src/originbot/Line_follow/install/line_follow/share/line_follow/board_tools
[2.384s] copying board_tools/set_camera_brightness.sh -> /home/yunbo/rdk_backup/dev_ws/src/originbot/Line_follow/install/line_follow/share/line_follow/board_tools
[2.384s] running install_egg_info
[2.387s] removing '/home/yunbo/rdk_backup/dev_ws/src/originbot/Line_follow/install/line_follow/lib/python3.10/site-packages/line_follow-0.1.0-py3.10.egg-info' (and everything under it)
[2.390s] Copying build/line_follow/line_follow.egg-info to /home/yunbo/rdk_backup/dev_ws/src/originbot/Line_follow/install/line_follow/lib/python3.10/site-packages/line_follow-0.1.0-py3.10.egg-info
[2.395s] running install_scripts
[2.432s] Installing joystick_drive_node script to /home/yunbo/rdk_backup/dev_ws/src/originbot/Line_follow/install/line_follow/lib/line_follow
[2.436s] Installing line_follow_angle_node script to /home/yunbo/rdk_backup/dev_ws/src/originbot/Line_follow/install/line_follow/lib/line_follow
[2.436s] Installing line_follow_motor_model_node script to /home/yunbo/rdk_backup/dev_ws/src/originbot/Line_follow/install/line_follow/lib/line_follow
[2.437s] Installing motor_driver_control_node script to /home/yunbo/rdk_backup/dev_ws/src/originbot/Line_follow/install/line_follow/lib/line_follow
[2.437s] Installing remote_long_press_start_line_follow_node script to /home/yunbo/rdk_backup/dev_ws/src/originbot/Line_follow/install/line_follow/lib/line_follow
[2.437s] Installing remote_relay_drive_node script to /home/yunbo/rdk_backup/dev_ws/src/originbot/Line_follow/install/line_follow/lib/line_follow
[2.437s] Installing web_debug_dashboard_node script to /home/yunbo/rdk_backup/dev_ws/src/originbot/Line_follow/install/line_follow/lib/line_follow
[2.437s] writing list of installed files to '/home/yunbo/rdk_backup/dev_ws/src/originbot/Line_follow/build/line_follow/install.log'
[2.484s] Invoked command in '/home/yunbo/rdk_backup/dev_ws/src/originbot/Line_follow' returned '0': PYTHONPATH=/home/yunbo/rdk_backup/dev_ws/src/originbot/Line_follow/build/line_follow/prefix_override:/usr/lib/python3/dist-packages/colcon_core/task/python/colcon_distutils_commands:/home/yunbo/rdk_backup/dev_ws/src/originbot/Line_follow/install/line_follow/lib/python3.10/site-packages:${PYTHONPATH} /usr/bin/python3 -W ignore:setup.py install is deprecated -W ignore:easy_install command is deprecated setup.py egg_info --egg-base build/line_follow build --build-base /home/yunbo/rdk_backup/dev_ws/src/originbot/Line_follow/build/line_follow/build install --record /home/yunbo/rdk_backup/dev_ws/src/originbot/Line_follow/build/line_follow/install.log --single-version-externally-managed install_data
