[1.589s] Invoking command in '/home/yunbo/rdk_backup/dev_ws/src/originbot/Line_follow': PYTHONPATH=/home/yunbo/rdk_backup/dev_ws/src/originbot/Line_follow/build/line_follow/prefix_override:/usr/lib/python3/dist-packages/colcon_core/task/python/colcon_distutils_commands:/home/yunbo/rdk_backup/dev_ws/src/originbot/Line_follow/install/line_follow/lib/python3.10/site-packages:${PYTHONPATH} /usr/bin/python3 -W ignore:setup.py install is deprecated -W ignore:easy_install command is deprecated setup.py egg_info --egg-base build/line_follow build --build-base /home/yunbo/rdk_backup/dev_ws/src/originbot/Line_follow/build/line_follow/build install --record /home/yunbo/rdk_backup/dev_ws/src/originbot/Line_follow/build/line_follow/install.log --single-version-externally-managed install_data
[2.233s] running egg_info
[2.233s] writing build/line_follow/line_follow.egg-info/PKG-INFO
[2.233s] writing dependency_links to build/line_follow/line_follow.egg-info/dependency_links.txt
[2.233s] writing entry points to build/line_follow/line_follow.egg-info/entry_points.txt
[2.234s] writing requirements to build/line_follow/line_follow.egg-info/requires.txt
[2.234s] writing top-level names to build/line_follow/line_follow.egg-info/top_level.txt
[2.240s] reading manifest file 'build/line_follow/line_follow.egg-info/SOURCES.txt'
[2.243s] writing manifest file 'build/line_follow/line_follow.egg-info/SOURCES.txt'
[2.243s] running build
[2.243s] running build_py
[2.244s] copying src/motor_model_node.py -> /home/yunbo/rdk_backup/dev_ws/src/originbot/Line_follow/build/line_follow/build/lib/line_follow
[2.246s] running install
[2.249s] running install_lib
[2.252s] copying /home/yunbo/rdk_backup/dev_ws/src/originbot/Line_follow/build/line_follow/build/lib/line_follow/motor_model_node.py -> /home/yunbo/rdk_backup/dev_ws/src/originbot/Line_follow/install/line_follow/lib/python3.10/site-packages/line_follow
[2.254s] byte-compiling /home/yunbo/rdk_backup/dev_ws/src/originbot/Line_follow/install/line_follow/lib/python3.10/site-packages/line_follow/motor_model_node.py to motor_model_node.cpython-310.pyc
[2.268s] running install_data
[2.269s] copying launch/line_follow_system.launch.py -> /home/yunbo/rdk_backup/dev_ws/src/originbot/Line_follow/install/line_follow/share/line_follow/launch
[2.272s] copying launch/line_follow_core.launch.py -> /home/yunbo/rdk_backup/dev_ws/src/originbot/Line_follow/install/line_follow/share/line_follow/launch
[2.272s] copying config/line_follow_params.yaml -> /home/yunbo/rdk_backup/dev_ws/src/originbot/Line_follow/install/line_follow/share/line_follow/config
[2.273s] running install_egg_info
[2.280s] removing '/home/yunbo/rdk_backup/dev_ws/src/originbot/Line_follow/install/line_follow/lib/python3.10/site-packages/line_follow-0.1.0-py3.10.egg-info' (and everything under it)
[2.281s] Copying build/line_follow/line_follow.egg-info to /home/yunbo/rdk_backup/dev_ws/src/originbot/Line_follow/install/line_follow/lib/python3.10/site-packages/line_follow-0.1.0-py3.10.egg-info
[2.284s] running install_scripts
[2.343s] Installing joystick_drive_node script to /home/yunbo/rdk_backup/dev_ws/src/originbot/Line_follow/install/line_follow/lib/line_follow
[2.344s] Installing line_follow_angle_node script to /home/yunbo/rdk_backup/dev_ws/src/originbot/Line_follow/install/line_follow/lib/line_follow
[2.348s] Installing line_follow_motor_model_node script to /home/yunbo/rdk_backup/dev_ws/src/originbot/Line_follow/install/line_follow/lib/line_follow
[2.350s] Installing motor_driver_control_node script to /home/yunbo/rdk_backup/dev_ws/src/originbot/Line_follow/install/line_follow/lib/line_follow
[2.350s] Installing remote_long_press_start_line_follow_node script to /home/yunbo/rdk_backup/dev_ws/src/originbot/Line_follow/install/line_follow/lib/line_follow
[2.350s] Installing remote_relay_drive_node script to /home/yunbo/rdk_backup/dev_ws/src/originbot/Line_follow/install/line_follow/lib/line_follow
[2.350s] Installing web_debug_dashboard_node script to /home/yunbo/rdk_backup/dev_ws/src/originbot/Line_follow/install/line_follow/lib/line_follow
[2.350s] writing list of installed files to '/home/yunbo/rdk_backup/dev_ws/src/originbot/Line_follow/build/line_follow/install.log'
[2.413s] Invoked command in '/home/yunbo/rdk_backup/dev_ws/src/originbot/Line_follow' returned '0': PYTHONPATH=/home/yunbo/rdk_backup/dev_ws/src/originbot/Line_follow/build/line_follow/prefix_override:/usr/lib/python3/dist-packages/colcon_core/task/python/colcon_distutils_commands:/home/yunbo/rdk_backup/dev_ws/src/originbot/Line_follow/install/line_follow/lib/python3.10/site-packages:${PYTHONPATH} /usr/bin/python3 -W ignore:setup.py install is deprecated -W ignore:easy_install command is deprecated setup.py egg_info --egg-base build/line_follow build --build-base /home/yunbo/rdk_backup/dev_ws/src/originbot/Line_follow/build/line_follow/build install --record /home/yunbo/rdk_backup/dev_ws/src/originbot/Line_follow/build/line_follow/install.log --single-version-externally-managed install_data
